[backblue.gif]
[fade.gif]
[index.html]
[rh-systems.eu/wp-includes/blocks/gallery/style.min32d4.css]
[rh-systems.eu/wp-includes/blocks/navigation/style.min32d4.css]
[rh-systems.eu/wp-content/themes/raft/assets/css/build/style6191.css]
[rh-systems.eu/index52f0.json]
[rh-systems.eu/xmlrpc0db0.php]
[rh-systems.eu/wp-content/themes/raft/assets/fonts/readex-pro/ReadexPro-VariableFont_wght.ttf]
[rh-systems.eu/wp-content/themes/raft/assets/fonts/source-serif-pro/SourceSerif4Variable-Roman.ttf.woff2]
[rh-systems.eu/wp-content/themes/raft/assets/fonts/source-serif-pro/SourceSerif4Variable-Italic.ttf.woff2]
[rh-systems.eu/wp-content/themes/raft/assets/fonts/figtree/Figtree-VariableFont_wght.ttf]
[rh-systems.eu/wp-content/themes/raft/assets/fonts/figtree/Figtree-Italic-VariableFont_wght.ttf]
[rh-systems.eu/wp-content/themes/raft/assets/fonts/outfit/Outfit-VariableFont_wght.ttf]
[rh-systems.eu/wp-content/themes/raft/assets/fonts/spline-sans/SplineSans-VariableFont_wght.ttf]
[rh-systems.eu/wp-content/themes/raft/assets/fonts/geologica/Geologica-VariableFont_CRSV,SHRP,slnt,wght.ttf]
[rh-systems.eu/wp-content/themes/raft/assets/fonts/gloock/Gloock-Regular.ttf]
[rh-systems.eu/wp-content/themes/raft/assets/fonts/spline-sans-mono/SplineSansMono-VariableFont_wght.ttf]
[rh-systems.eu/wp-content/themes/raft/assets/fonts/spline-sans-mono/SplineSansMono-Italic-VariableFont_wght.ttf]
[rh-systems.eu/wp-content/themes/raft/assets/fonts/lora/Lora-VariableFont_wght.ttf]
[rh-systems.eu/wp-content/themes/raft/assets/fonts/lora/Lora-Italic-VariableFont_wght.ttf]
[rh-systems.eu/wp-content/uploads/2023/03/de8e3fcc62a94c1f71c5aff6525a708ff68ec855-1024x682.jpg]
[rh-systems.eu/wp-content/uploads/2023/03/TOBA-bedrijfsverzamelgebouw-Uithoorn-4-1024x682.jpg]
[rh-systems.eu/wp-content/uploads/2023/03/rijswijk_comphaan_02_img_0410_6d_a.jpg]
[rh-systems.eu/wp-content/uploads/2023/03/tconst01-1024x484.jpg]
[rh-systems.eu/wp-content/uploads/2023/03/storestudios-maassluis-in-uitvoering-december-2015-03.jpg]
[rh-systems.eu/wp-content/uploads/2023/03/impressie-gevels-nieuwe-fase-harbour-village.jpg]
[rh-systems.eu/wp-content/uploads/2023/03/BEN_05-1024x727.jpg]
[rh-systems.eu/wp-content/uploads/2023/03/BEN_04-1024x588.jpg]
[rh-systems.eu/wp-content/uploads/2023/03/Bedrijfsruimte-Architect-Diemen-640x960-2-683x1024.jpg]
[rh-systems.eu/wp-content/uploads/2023/03/20200116g-1047-1024x484.jpg]
[rh-systems.eu/wp-content/uploads/2023/03/023972e096566fe80d59a9539f9501f4b43d0756-1.jpg]
[rh-systems.eu/wp-content/uploads/2023/03/2019-377B_Artist-Impression_2020-06-22_1-Photo-1024x576.jpg]
[rh-systems.eu/wp-content/uploads/2023/03/2019-11-14_6-1400px.733cf0ffb141-1024x636.jpg]
[rh-systems.eu/wp-content/uploads/2023/03/075_2160-1024x683.jpg]
[rh-systems.eu/wp-content/uploads/2023/03/6aef4a621b6670c77132f36bdcc8775d.jpg]
[rh-systems.eu/wp-content/uploads/2023/03/SNF1734.jpg]
[rh-systems.eu/index.html]
[rh-systems.eu/wp-content/uploads/2023/03/5-Moen-van-Oosten-Bedrijfsverzamelgebouw-Brielle-1024x576.jpg]
[rh-systems.eu/indexa6da.html]
[rh-systems.eu/indexd784.html]
[rh-systems.eu/wp-includes/blocks/gallery/style.min32d4.css]
[rh-systems.eu/wp-includes/blocks/navigation/style.min32d4.css]
[rh-systems.eu/wp-content/themes/raft/assets/css/build/style6191.css]
[rh-systems.eu/xmlrpc0db0.html]
